<!doctype html public "-//w3c//dtd html 4.0 transitional//en">
<html><head>
<title>Static Call Graph - [.\Objects\ENSE352_FinalProject.axf]</title></head>
<body><HR>
<H1>Static Call Graph for image .\Objects\ENSE352_FinalProject.axf</H1><HR>
<BR><P>#&#060CALLGRAPH&#062# ARM Linker, 6140002: Last Updated: Wed Dec  9 14:55:24 2020
<BR><P>
<H3>Maximum Stack Usage =          0 bytes + Unknown(Untraceable Function Pointers)</H3><H3>
Call chain for Maximum Stack Depth:</H3>

<P>
<H3>
Function Pointers
</H3><UL>
 <LI><a href="#[0]">Reset_Handler</a> from whackamole.o(MYCODE) referenced from whackamole.o(RESET)
</UL>
<P>
<H3>
Global Symbols
</H3>
<P><STRONG><a name="[0]"></a>Reset_Handler</STRONG> (Thumb, 18 bytes, Stack size 0 bytes, whackamole.o(MYCODE))
<BR><BR>[Calls]<UL><LI><a href="#[4]">&gt;&gt;</a>&nbsp;&nbsp;&nbsp;GAME_START
<LI><a href="#[3]">&gt;&gt;</a>&nbsp;&nbsp;&nbsp;WAITFORPLAYER
<LI><a href="#[2]">&gt;&gt;</a>&nbsp;&nbsp;&nbsp;Set_INPUT_OUTPUT
<LI><a href="#[1]">&gt;&gt;</a>&nbsp;&nbsp;&nbsp;ClockInIt
</UL>
<BR>[Address Reference Count : 1]<UL><LI> whackamole.o(RESET)
</UL><P>
<H3>
Local Symbols
</H3>
<P><STRONG><a name="[1]"></a>ClockInIt</STRONG> (Thumb, 10 bytes, Stack size 0 bytes, whackamole.o(MYCODE))
<BR><BR>[Called By]<UL><LI><a href="#[0]">&gt;&gt;</a>&nbsp;&nbsp;&nbsp;Reset_Handler
</UL>

<P><STRONG><a name="[2]"></a>Set_INPUT_OUTPUT</STRONG> (Thumb, 42 bytes, Stack size 0 bytes, whackamole.o(MYCODE))
<BR><BR>[Called By]<UL><LI><a href="#[0]">&gt;&gt;</a>&nbsp;&nbsp;&nbsp;Reset_Handler
</UL>

<P><STRONG><a name="[3]"></a>WAITFORPLAYER</STRONG> (Thumb, 142 bytes, Stack size 0 bytes, whackamole.o(MYCODE))
<BR><BR>[Called By]<UL><LI><a href="#[0]">&gt;&gt;</a>&nbsp;&nbsp;&nbsp;Reset_Handler
</UL>

<P><STRONG><a name="[4]"></a>GAME_START</STRONG> (Thumb, 388 bytes, Stack size 0 bytes, whackamole.o(MYCODE))
<BR><BR>[Called By]<UL><LI><a href="#[0]">&gt;&gt;</a>&nbsp;&nbsp;&nbsp;Reset_Handler
</UL>
<P>
<H3>
Undefined Global Symbols
</H3><HR></body></html>
