Component: ARM Compiler 6.14 Tool: armlink [5db06800]

==============================================================================

Section Cross References

    whackamole.o(RESET) refers to whackamole.o(MYCODE) for Reset_Handler


==============================================================================

Image Symbol Table

    Local Symbols

    Symbol Name                              Value     Ov Type        Size  Object(Section)

    WhackAMole.s                             0x00000000   Number         0  whackamole.o ABSOLUTE
    RESET                                    0x08000000   Section        8  whackamole.o(RESET)
    MYCODE                                   0x08000008   Section      496  whackamole.o(MYCODE)
    ClockInIt                                0x0800001d   Thumb Code    10  whackamole.o(MYCODE)
    Set_INPUT_OUTPUT                         0x08000029   Thumb Code    42  whackamole.o(MYCODE)
    WAITFORPLAYER                            0x08000055   Thumb Code   154  whackamole.o(MYCODE)
    GAME_START                               0x080000f1   Thumb Code   220  whackamole.o(MYCODE)

    Global Symbols

    Symbol Name                              Value     Ov Type        Size  Object(Section)

    BuildAttributes$$THM_ISAv4$P$D$K$B$S$A:L22UL41UL21$X:L11$S22US41US21$IEEE1$~IW$USESV6$~STKCKD$USESV7$~SHL$OSPACE$EBA8$STANDARDLIB$PRES8$EABIv2 0x00000000   Number         0  anon$$obj.o ABSOLUTE
    __Vectors                                0x08000000   Data           4  whackamole.o(RESET)
    Reset_Handler                            0x08000009   Thumb Code    18  whackamole.o(MYCODE)



==============================================================================

Memory Map of the image

  Image Entry point : 0x08000009

  Load Region LR_1 (Base: 0x08000000, Size: 0x000001f8, Max: 0xffffffff, ABSOLUTE)

    Execution Region ER_RO (Exec base: 0x08000000, Load base: 0x08000000, Size: 0x000001f8, Max: 0xffffffff, ABSOLUTE)

    Exec Addr    Load Addr    Size         Type   Attr      Idx    E Section Name        Object

    0x08000000   0x08000000   0x00000008   Data   RO            1    RESET               whackamole.o
    0x08000008   0x08000008   0x000001f0   Code   RO            2  * MYCODE              whackamole.o


    Execution Region ER_RW (Exec base: 0x20000000, Load base: 0x080001f8, Size: 0x00000000, Max: 0xffffffff, ABSOLUTE)

    **** No section assigned to this execution region ****


    Execution Region ER_ZI (Exec base: 0x20000000, Load base: 0x080001f8, Size: 0x00000000, Max: 0xffffffff, ABSOLUTE)

    **** No section assigned to this execution region ****


==============================================================================

Image component sizes


      Code (inc. data)   RO Data    RW Data    ZI Data      Debug   Object Name

       496         52          8          0          0        684   whackamole.o

    ----------------------------------------------------------------------
       496         52          8          0          0        684   Object Totals
         0          0          0          0          0          0   (incl. Generated)
         0          0          0          0          0          0   (incl. Padding)

    ----------------------------------------------------------------------
         0          0          0          0          0          0   Library Totals
         0          0          0          0          0          0   (incl. Padding)

    ----------------------------------------------------------------------

==============================================================================


      Code (inc. data)   RO Data    RW Data    ZI Data      Debug   

       496         52          8          0          0        684   Grand Totals
       496         52          8          0          0        684   ELF Image Totals
       496         52          8          0          0          0   ROM Totals

==============================================================================

    Total RO  Size (Code + RO Data)                  504 (   0.49kB)
    Total RW  Size (RW Data + ZI Data)                 0 (   0.00kB)
    Total ROM Size (Code + RO Data + RW Data)        504 (   0.49kB)

==============================================================================

